[1mbivy · 1 new video since your last visit                                        [0m
[2m────────────────────────────────────────────────────────────────────────────────[0m
  • This one arrived                                                Aye · 1h ago
[2m────────────────────────────────────────────────────────────────────────────────[0m
[2m1 channel could not be reached: Bee                                             [0m
