[1mbivy · nothing followed                                                         [0m
[2m────────────────────────────────────────────────────────────────────────────────[0m
  nothing followed yet — try: bivy follow @handle                               
[2m────────────────────────────────────────────────────────────────────────────────[0m
[2mnothing playing                                                                 [0m
