[1mbivy · nothing followed                                                         [0m
[2m────────────────────────────────────────────────────────────────────────────────[0m
  nothing followed yet — try: bivy follow @handle                               
[2m────────────────────────────────────────────────────────────────────────────────[0m
[2m2 channels could not be reached: Aye, Bee                                       [0m
