[1mbivy · 2 new videos since your last visit                                       [0m
[2m────────────────────────────────────────────────────────────────────────────────[0m
  • The newest thing that happened                                  Aye · 2h ago
[7m> • The one under the cursor                                        Bee · 1d ago[0m
  ✓ One that has been watched                                       Aye · 5d ago
















[2m────────────────────────────────────────────────────────────────────────────────[0m
[2mnothing playing                                                                 [0m
[2m↑↓ move · enter play · m mark · / search · : commands · r refresh · :q quit     [0m
