[1mbivy · 1 new video since your last visit                                        [0m
[2m────────────────────────────────────────────────────────────────────────────────[0m
  • A title that runs well pas…  A Channel With A Very Long Name Indeed · 1h ago
[2m────────────────────────────────────────────────────────────────────────────────[0m
[2mnothing playing                                                                 [0m
