[1mbivy · 2 new videos since your last visit                                       [0m
[2m────────────────────────────────────────────────────────────────────────────────[0m
  • The newest thing that happened                                  Aye · 2h ago
  • Something from yesterday                                        Bee · 1d ago
    Older, and already seen                                         Aye · 5d ago
[2m────────────────────────────────────────────────────────────────────────────────[0m
[2mnothing playing                                                                 [0m
