[1mbivy · 1 video, nothing new                                                     [0m
[2m────────────────────────────────────────────────────────────────────────────────[0m
    All of this was here last time                                  Aye · 1w ago
[2m────────────────────────────────────────────────────────────────────────────────[0m
[2mnothing playing                                                                 [0m
