[1mbivy · 1 new video since your last visit                                        [0m
[2m────────────────────────────────────────────────────────────────────────────────[0m
[7m> • The one under the cursor                                        Aye · 2h ago[0m


















[2m────────────────────────────────────────────────────────────────────────────────[0m
[2mplaying · The one under the cursor                                              [0m
[2m↑↓ move · enter play · / search · : commands · r refresh · :q quit              [0m
