bivy · 3 new videos since your last visit

     9h ago  Aye                  Video number 9
     10h ago Aye                  Video number 10
     11h ago Aye                  Video number 11
>    12h ago Aye                  Video number 12
     13h ago Aye                  Video number 13
     14h ago Aye                  Video number 14

  showing 10-15 of 30
  ↑↓ move · enter play · r refresh · q quit
