[1mbivy · 3 new videos since your last visit                                       [0m
[2m────────────────────────────────────────────────────────────────────────────────[0m
    Video number 10                                                Aye · 10h ago
    Video number 11                                                Aye · 11h ago
[7m>   Video number 12                                                Aye · 12h ago[0m
    Video number 13                                                Aye · 13h ago
    Video number 14                                                Aye · 14h ago
[2m────────────────────────────────────────────────────────────────────────────────[0m
[2mnothing playing                                                                 [0m
[2m↑↓ move · enter play · m mark · / search · : commands · r refresh · :q quit     [0m
