[1mbivy · search · 0 results for "asdfghjkl"                                       [0m
[2m────────────────────────────────────────────────────────────────────────────────[0m
  nothing found for asdfghjkl                                                   


















[2m────────────────────────────────────────────────────────────────────────────────[0m
[2mnothing playing                                                                 [0m
[2m/ search again · esc back · :q quit                                             [0m
