[1mbivy · nothing followed                                                         [0m
[2m────────────────────────────────────────────────────────────────────────────────[0m
  nothing followed yet — press / to search, or : for commands                   

















[2m────────────────────────────────────────────────────────────────────────────────[0m
[2mnothing playing                                                                 [0m
[2m  no command starts with that                                                   [0m
:xyzzy█                                                                         
