[1mbivy · 3 new videos since your last visit                                       [0m
[2m────────────────────────────────────────────────────────────────────────────────[0m
[7m> • Video number 0                                                     Aye · now[0m
  • Video number 1                                                  Aye · 1h ago
  • Video number 2                                                  Aye · 2h ago
    Video number 3                                                  Aye · 3h ago
    Video number 4                                                  Aye · 4h ago












[2m────────────────────────────────────────────────────────────────────────────────[0m
[2mnothing playing                                                                 [0m
[2m  search <words>   channels <words>   follow <channel>   unfollow <channel>     [0m
[2m  refresh   help   quit                                                         [0m
:█                                                                              
